// Jest Snapshot v1, https://goo.gl/fbAQLP

exports[`renders Star Wars screen 1`] = `
<RCTSafeAreaView
  emulateUnlessSupported={true}
  style={
    Object {
      "alignItems": "center",
      "flex": 1,
      "justifyContent": "center",
    }
  }
>
  <View
    style={
      Object {
        "alignItems": "center",
        "flex": 1,
        "justifyContent": "center",
      }
    }
  >
    <ActivityIndicator
      animating={true}
      color="#999999"
      hidesWhenStopped={true}
      size="large"
    />
  </View>
</RCTSafeAreaView>
`;

exports[`renders correctly 1`] = `
<Text
  style={
    Array [
      Object {
        "color": "#000",
      },
      Array [
        undefined,
        Object {
          "fontFamily": "space-mono",
        },
      ],
    ]
  }
>
  Snapshot test!
</Text>
`;
