// Jest Snapshot v1, https://goo.gl/fbAQLP

exports[`renders Star Wars screen 1`] = `
<RCTSafeAreaView
  emulateUnlessSupported={true}
  style={
    Object {
      "alignItems": "center",
      "flex": 1,
      "justifyContent": "center",
    }
  }
/>
`;

exports[`renders correctly 1`] = `
<Text
  style={
    Array [
      Object {
        "color": "#000",
      },
      Array [
        undefined,
        Object {
          "fontFamily": "space-mono",
        },
      ],
    ]
  }
>
  Snapshot test!
</Text>
`;
